// Jest Snapshot v1, https://goo.gl/fbAQLP

exports[`round scores renders properly with 2 players 1`] = `
<View
  style={
    Object {
      "backgroundColor": "#F8F8F8",
      "borderBottomColor": "#000000",
      "borderTopColor": "#000000",
      "borderWidth": 1,
      "height": 200,
      "marginBottom": 10,
      "marginTop": 10,
      "minWidth": "100%",
      "paddingLeft": 20,
      "paddingRight": 20,
    }
  }
>
  <View
    style={
      Object {
        "marginBottom": 4,
        "marginTop": 4,
      }
    }
  >
    <Text
      style={
        Object {
          "color": "#000000",
          "fontFamily": "Roboto",
          "fontSize": 24,
          "fontWeight": "bold",
        }
      }
    >
      Round 
      1
    </Text>
  </View>
  <View
    style={
      Object {
        "flexDirection": "row",
      }
    }
  >
    <View
      style={
        Object {
          "width": "40%",
        }
      }
    >
      <Text
        style={
          Object {
            "color": "#000000",
            "fontFamily": "Roboto",
            "fontSize": 18,
            "fontWeight": "bold",
          }
        }
      >
        
      </Text>
      <Text
        style={
          Object {
            "color": "#000000",
            "fontFamily": "Roboto",
            "fontSize": 18,
            "fontWeight": "bold",
          }
        }
      >
        Player1
      </Text>
      <Text
        style={
          Object {
            "color": "#000000",
            "fontFamily": "Roboto",
            "fontSize": 18,
            "fontWeight": "bold",
          }
        }
      >
        Player2
      </Text>
    </View>
    <View
      style={
        Object {
          "width": "20%",
        }
      }
    >
      <Text
        style={
          Object {
            "color": "#000000",
            "fontFamily": "Roboto",
            "fontSize": 18,
            "fontWeight": "bold",
          }
        }
      >
        Bet
      </Text>
      <Text
        style={
          Object {
            "color": "#000000",
            "fontFamily": "Roboto",
            "fontSize": 18,
            "fontWeight": "normal",
          }
        }
      >
        20
      </Text>
      <Text
        style={
          Object {
            "color": "#000000",
            "fontFamily": "Roboto",
            "fontSize": 18,
            "fontWeight": "normal",
          }
        }
      >
        20
      </Text>
    </View>
    <View
      style={
        Object {
          "width": "20%",
        }
      }
    >
      <Text
        style={
          Object {
            "color": "#000000",
            "fontFamily": "Roboto",
            "fontSize": 18,
            "fontWeight": "bold",
          }
        }
      >
        Got
      </Text>
      <Text
        style={
          Object {
            "color": "#000000",
            "fontFamily": "Roboto",
            "fontSize": 18,
            "fontWeight": "normal",
          }
        }
      >
        30
      </Text>
      <Text
        style={
          Object {
            "color": "#000000",
            "fontFamily": "Roboto",
            "fontSize": 18,
            "fontWeight": "normal",
          }
        }
      >
        30
      </Text>
    </View>
    <View
      style={
        Object {
          "width": "20%",
        }
      }
    >
      <Text
        style={
          Object {
            "color": "#000000",
            "fontFamily": "Roboto",
            "fontSize": 18,
            "fontWeight": "bold",
          }
        }
      >
        Score
      </Text>
      <Text
        style={
          Object {
            "color": "#B80000",
            "fontFamily": "Roboto",
            "fontSize": 18,
            "fontWeight": "normal",
          }
        }
      >
        3
      </Text>
      <Text
        style={
          Object {
            "color": "#B80000",
            "fontFamily": "Roboto",
            "fontSize": 18,
            "fontWeight": "normal",
          }
        }
      >
        3
      </Text>
    </View>
  </View>
</View>
`;

exports[`round scores renders properly with 3 players 1`] = `
<View
  style={
    Object {
      "backgroundColor": "#F8F8F8",
      "borderBottomColor": "#000000",
      "borderTopColor": "#000000",
      "borderWidth": 1,
      "height": 200,
      "marginBottom": 10,
      "marginTop": 10,
      "minWidth": "100%",
      "paddingLeft": 20,
      "paddingRight": 20,
    }
  }
>
  <View
    style={
      Object {
        "marginBottom": 4,
        "marginTop": 4,
      }
    }
  >
    <Text
      style={
        Object {
          "color": "#000000",
          "fontFamily": "Roboto",
          "fontSize": 24,
          "fontWeight": "bold",
        }
      }
    >
      Round 
      1
    </Text>
  </View>
  <View
    style={
      Object {
        "flexDirection": "row",
      }
    }
  >
    <View
      style={
        Object {
          "width": "40%",
        }
      }
    >
      <Text
        style={
          Object {
            "color": "#000000",
            "fontFamily": "Roboto",
            "fontSize": 18,
            "fontWeight": "bold",
          }
        }
      >
        
      </Text>
      <Text
        style={
          Object {
            "color": "#000000",
            "fontFamily": "Roboto",
            "fontSize": 18,
            "fontWeight": "bold",
          }
        }
      >
        Player1
      </Text>
      <Text
        style={
          Object {
            "color": "#000000",
            "fontFamily": "Roboto",
            "fontSize": 18,
            "fontWeight": "bold",
          }
        }
      >
        Player2
      </Text>
      <Text
        style={
          Object {
            "color": "#000000",
            "fontFamily": "Roboto",
            "fontSize": 18,
            "fontWeight": "bold",
          }
        }
      >
        Player3
      </Text>
    </View>
    <View
      style={
        Object {
          "width": "20%",
        }
      }
    >
      <Text
        style={
          Object {
            "color": "#000000",
            "fontFamily": "Roboto",
            "fontSize": 18,
            "fontWeight": "bold",
          }
        }
      >
        Bet
      </Text>
      <Text
        style={
          Object {
            "color": "#000000",
            "fontFamily": "Roboto",
            "fontSize": 18,
            "fontWeight": "normal",
          }
        }
      >
        20
      </Text>
      <Text
        style={
          Object {
            "color": "#000000",
            "fontFamily": "Roboto",
            "fontSize": 18,
            "fontWeight": "normal",
          }
        }
      >
        20
      </Text>
      <Text
        style={
          Object {
            "color": "#000000",
            "fontFamily": "Roboto",
            "fontSize": 18,
            "fontWeight": "normal",
          }
        }
      >
        20
      </Text>
    </View>
    <View
      style={
        Object {
          "width": "20%",
        }
      }
    >
      <Text
        style={
          Object {
            "color": "#000000",
            "fontFamily": "Roboto",
            "fontSize": 18,
            "fontWeight": "bold",
          }
        }
      >
        Got
      </Text>
      <Text
        style={
          Object {
            "color": "#000000",
            "fontFamily": "Roboto",
            "fontSize": 18,
            "fontWeight": "normal",
          }
        }
      >
        30
      </Text>
      <Text
        style={
          Object {
            "color": "#000000",
            "fontFamily": "Roboto",
            "fontSize": 18,
            "fontWeight": "normal",
          }
        }
      >
        30
      </Text>
      <Text
        style={
          Object {
            "color": "#000000",
            "fontFamily": "Roboto",
            "fontSize": 18,
            "fontWeight": "normal",
          }
        }
      >
        20
      </Text>
    </View>
    <View
      style={
        Object {
          "width": "20%",
        }
      }
    >
      <Text
        style={
          Object {
            "color": "#000000",
            "fontFamily": "Roboto",
            "fontSize": 18,
            "fontWeight": "bold",
          }
        }
      >
        Score
      </Text>
      <Text
        style={
          Object {
            "color": "#B80000",
            "fontFamily": "Roboto",
            "fontSize": 18,
            "fontWeight": "normal",
          }
        }
      >
        3
      </Text>
      <Text
        style={
          Object {
            "color": "#B80000",
            "fontFamily": "Roboto",
            "fontSize": 18,
            "fontWeight": "normal",
          }
        }
      >
        3
      </Text>
      <Text
        style={
          Object {
            "color": "#1AB800",
            "fontFamily": "Roboto",
            "fontSize": 18,
            "fontWeight": "normal",
          }
        }
      >
        32
      </Text>
    </View>
  </View>
</View>
`;

exports[`round scores renders properly with 4 players 1`] = `
<View
  style={
    Object {
      "backgroundColor": "#F8F8F8",
      "borderBottomColor": "#000000",
      "borderTopColor": "#000000",
      "borderWidth": 1,
      "height": 200,
      "marginBottom": 10,
      "marginTop": 10,
      "minWidth": "100%",
      "paddingLeft": 20,
      "paddingRight": 20,
    }
  }
>
  <View
    style={
      Object {
        "marginBottom": 4,
        "marginTop": 4,
      }
    }
  >
    <Text
      style={
        Object {
          "color": "#000000",
          "fontFamily": "Roboto",
          "fontSize": 24,
          "fontWeight": "bold",
        }
      }
    >
      Round 
      1
    </Text>
  </View>
  <View
    style={
      Object {
        "flexDirection": "row",
      }
    }
  >
    <View
      style={
        Object {
          "width": "40%",
        }
      }
    >
      <Text
        style={
          Object {
            "color": "#000000",
            "fontFamily": "Roboto",
            "fontSize": 18,
            "fontWeight": "bold",
          }
        }
      >
        
      </Text>
      <Text
        style={
          Object {
            "color": "#000000",
            "fontFamily": "Roboto",
            "fontSize": 18,
            "fontWeight": "bold",
          }
        }
      >
        Player1
      </Text>
      <Text
        style={
          Object {
            "color": "#000000",
            "fontFamily": "Roboto",
            "fontSize": 18,
            "fontWeight": "bold",
          }
        }
      >
        Player2
      </Text>
      <Text
        style={
          Object {
            "color": "#000000",
            "fontFamily": "Roboto",
            "fontSize": 18,
            "fontWeight": "bold",
          }
        }
      >
        Player3
      </Text>
      <Text
        style={
          Object {
            "color": "#000000",
            "fontFamily": "Roboto",
            "fontSize": 18,
            "fontWeight": "bold",
          }
        }
      >
        Player4
      </Text>
    </View>
    <View
      style={
        Object {
          "width": "20%",
        }
      }
    >
      <Text
        style={
          Object {
            "color": "#000000",
            "fontFamily": "Roboto",
            "fontSize": 18,
            "fontWeight": "bold",
          }
        }
      >
        Bet
      </Text>
      <Text
        style={
          Object {
            "color": "#000000",
            "fontFamily": "Roboto",
            "fontSize": 18,
            "fontWeight": "normal",
          }
        }
      >
        20
      </Text>
      <Text
        style={
          Object {
            "color": "#000000",
            "fontFamily": "Roboto",
            "fontSize": 18,
            "fontWeight": "normal",
          }
        }
      >
        20
      </Text>
      <Text
        style={
          Object {
            "color": "#000000",
            "fontFamily": "Roboto",
            "fontSize": 18,
            "fontWeight": "normal",
          }
        }
      >
        20
      </Text>
      <Text
        style={
          Object {
            "color": "#000000",
            "fontFamily": "Roboto",
            "fontSize": 18,
            "fontWeight": "normal",
          }
        }
      >
        0
      </Text>
    </View>
    <View
      style={
        Object {
          "width": "20%",
        }
      }
    >
      <Text
        style={
          Object {
            "color": "#000000",
            "fontFamily": "Roboto",
            "fontSize": 18,
            "fontWeight": "bold",
          }
        }
      >
        Got
      </Text>
      <Text
        style={
          Object {
            "color": "#000000",
            "fontFamily": "Roboto",
            "fontSize": 18,
            "fontWeight": "normal",
          }
        }
      >
        30
      </Text>
      <Text
        style={
          Object {
            "color": "#000000",
            "fontFamily": "Roboto",
            "fontSize": 18,
            "fontWeight": "normal",
          }
        }
      >
        30
      </Text>
      <Text
        style={
          Object {
            "color": "#000000",
            "fontFamily": "Roboto",
            "fontSize": 18,
            "fontWeight": "normal",
          }
        }
      >
        20
      </Text>
      <Text
        style={
          Object {
            "color": "#000000",
            "fontFamily": "Roboto",
            "fontSize": 18,
            "fontWeight": "normal",
          }
        }
      >
        0
      </Text>
    </View>
    <View
      style={
        Object {
          "width": "20%",
        }
      }
    >
      <Text
        style={
          Object {
            "color": "#000000",
            "fontFamily": "Roboto",
            "fontSize": 18,
            "fontWeight": "bold",
          }
        }
      >
        Score
      </Text>
      <Text
        style={
          Object {
            "color": "#B80000",
            "fontFamily": "Roboto",
            "fontSize": 18,
            "fontWeight": "normal",
          }
        }
      >
        3
      </Text>
      <Text
        style={
          Object {
            "color": "#B80000",
            "fontFamily": "Roboto",
            "fontSize": 18,
            "fontWeight": "normal",
          }
        }
      >
        3
      </Text>
      <Text
        style={
          Object {
            "color": "#1AB800",
            "fontFamily": "Roboto",
            "fontSize": 18,
            "fontWeight": "normal",
          }
        }
      >
        32
      </Text>
      <Text
        style={
          Object {
            "color": "#1AB800",
            "fontFamily": "Roboto",
            "fontSize": 18,
            "fontWeight": "normal",
          }
        }
      >
        50
      </Text>
    </View>
  </View>
</View>
`;
