// Jest Snapshot v1, https://goo.gl/fbAQLP

exports[`card renders correctly 1`] = `
<View
  style={
    Object {
      "backgroundColor": "#F8F8F8",
      "borderBottomColor": "#000000",
      "borderTopColor": "#000000",
      "borderWidth": 1,
      "flexDirection": "row",
      "height": 100,
      "minWidth": "100%",
      "paddingLeft": 20,
      "paddingRight": 20,
    }
  }
>
  <View
    accessible={true}
    focusable={true}
    onClick={[Function]}
    onResponderGrant={[Function]}
    onResponderMove={[Function]}
    onResponderRelease={[Function]}
    onResponderTerminate={[Function]}
    onResponderTerminationRequest={[Function]}
    onStartShouldSetResponder={[Function]}
    style={
      Object {
        "flex": 1,
        "justifyContent": "center",
        "opacity": 1,
      }
    }
  >
    <Text
      style={
        Object {
          "color": "#000000",
          "fontFamily": "Roboto",
          "fontSize": 18,
          "fontWeight": "bold",
          "marginBottom": 10,
        }
      }
    >
      Test Game Name
    </Text>
    <Text
      style={
        Object {
          "color": "#000000",
          "fontFamily": "Roboto",
          "fontSize": 18,
          "fontWeight": "bold",
        }
      }
    >
      12/23/2020
    </Text>
  </View>
  <View
    accessible={true}
    focusable={true}
    onClick={[Function]}
    onResponderGrant={[Function]}
    onResponderMove={[Function]}
    onResponderRelease={[Function]}
    onResponderTerminate={[Function]}
    onResponderTerminationRequest={[Function]}
    onStartShouldSetResponder={[Function]}
    style={
      Object {
        "justifyContent": "center",
        "opacity": 1,
      }
    }
  >
    <Text
      style={
        Object {
          "color": "#000000",
          "fontFamily": "Roboto",
          "fontSize": 18,
          "fontWeight": "bold",
        }
      }
    >
      x
    </Text>
  </View>
</View>
`;
